=== INFERA | AWQ | completo | rep 1 ===
  estabilización posterior al warmup: 30 s
  reposo: 10.4 W (300/300 muestras)
  [ T01 FACT      ] ctx= 3183tok  E=  46.91J  Q=1.00  (ok)
  [ T02 FACT      ] ctx= 3233tok  E= 165.16J  Q=1.00  (ok)
  [SONDA_A SONDA     ] ctx= 3284tok  E= 180.40J  Q=1.00  (ok)
  [ T03 CLASSIFY  ] ctx= 3357tok  E= 376.69J  Q=1.00  (ok)
  [ T04 CONSTRAINT] ctx= 3687tok  E=1089.12J  Q=0.92  (ok)
  [ T05 DRAFT     ] ctx= 4182tok  E= 797.86J  Q=1.00  (ok)
  [ T06 FACT      ] ctx= 4450tok  E= 263.51J  Q=1.00  (ok)
  [SONDA_B SONDA     ] ctx= 4508tok  E= 257.28J  Q=1.00  (ok)
  [ T07 SUMMARIZE ] ctx= 4553tok  E= 662.66J  Q=1.00  (ok)
  [SONDA_D SONDA     ] ctx= 4761tok  E= 257.53J  Q=1.00  (ok)
  [FACT_M1 FACT      ] ctx= 4813tok  E= 261.71J  Q=1.00  (ok)
  [SONDA_E SONDA     ] ctx= 4862tok  E= 272.22J  Q=1.00  (ok)
  [FACT_M2 FACT      ] ctx= 4904tok  E= 276.23J  Q=1.00  (ok)
  [SONDA_F SONDA     ] ctx= 4948tok  E= 276.02J  Q=1.00  (ok)
  [ T08 FACT      ] ctx= 4988tok  E= 295.83J  Q=1.00  (ok)
  [SONDA_G SONDA     ] ctx= 5047tok  E= 272.97J  Q=1.00  (ok)
  [FACT_M3 FACT      ] ctx= 5085tok  E= 299.98J  Q=1.00  (ok)
  [SONDA_H SONDA     ] ctx= 5130tok  E= 292.80J  Q=1.00  (ok)
  [ T09 CONSTRAINT] ctx= 5325tok  E= 667.83J  Q=1.00  (ok)
  [SONDA_I SONDA     ] ctx= 5517tok  E= 277.43J  Q=1.00  (ok)
  [ T10 DRAFT     ] ctx= 5598tok  E= 876.48J  Q=1.00  (ok)
  [ T11 RECALL    ] ctx= 5870tok  E= 371.67J  Q=1.00  (ok)
  [SONDA_J SONDA     ] ctx= 5955tok  E= 293.25J  Q=1.00  (ok)
  [SONDA_C SONDA     ] ctx= 6007tok  E= 328.38J  Q=1.00  (ok)
  [ T12 FACT      ] ctx= 6042tok  E= 408.91J  Q=1.00  (ok)
  [ T13 SUMMARIZE ] ctx= 6175tok  E= 504.71J  Q=1.00  (ok)
  [ T14 RECALL    ] ctx= 6282tok  E= 360.51J  Q=1.00  (ok)
  [ T15 SONDA     ] ctx= 6380tok  E= 418.64J  Q=0.50  (ok)
  [ T16 RECALL    ] ctx= 6452tok  E= 337.06J  Q=1.00  (ok)

[OK] 29 registros completos -> results/runs/tres_brazos_20260727T204018Z/raw/run_AWQ_completo_rep1.jsonl
[OK] Energía total: 11189.72 J | intervenciones: 0
=== INFERA | AWQ | resumen | rep 1 ===
  estabilización posterior al warmup: 30 s
  reposo: 10.3 W (300/300 muestras)
  [ T01 FACT      ] ctx= 3183tok  E=  64.56J  Q=1.00  (ok)
  [ T02 FACT      ] ctx= 3233tok  E= 178.66J  Q=1.00  (ok)
  [SONDA_A SONDA     ] ctx= 3284tok  E= 192.55J  Q=1.00  (ok)
  [ T03 CLASSIFY  ] ctx= 3357tok  E= 384.03J  Q=1.00  (ok)
  [ T04 CONSTRAINT] ctx= 3687tok  E=1126.58J  Q=0.92  (ok)
  [ T05 DRAFT     ] ctx= 4182tok  E= 792.82J  Q=1.00  (ok)
  [ T06 FACT      ] ctx= 4450tok  E= 255.29J  Q=1.00  (ok)
  [SONDA_B SONDA     ] ctx= 4508tok  E= 262.56J  Q=1.00  (ok)
  [RESUMEN #1] E=1239.85J (trigger=4508 tok)
  [ T07 SUMMARIZE ] ctx= 3608tok  E= 534.96J  Q=1.00  (ok)
  [SONDA_D SONDA     ] ctx= 3797tok  E= 217.94J  Q=1.00  (ok)
  [FACT_M1 FACT      ] ctx= 3847tok  E= 224.10J  Q=1.00  (ok)
  [SONDA_E SONDA     ] ctx= 3896tok  E= 225.40J  Q=1.00  (ok)
  [FACT_M2 FACT      ] ctx= 3938tok  E= 230.63J  Q=1.00  (ok)
  [SONDA_F SONDA     ] ctx= 3982tok  E= 234.20J  Q=1.00  (ok)
  [ T08 FACT      ] ctx= 4021tok  E= 253.09J  Q=1.00  (ok)
  [SONDA_G SONDA     ] ctx= 4078tok  E= 227.40J  Q=1.00  (ok)
  [FACT_M3 FACT      ] ctx= 4114tok  E= 250.11J  Q=1.00  (ok)
  [SONDA_H SONDA     ] ctx= 4159tok  E= 248.73J  Q=1.00  (ok)
  [ T09 CONSTRAINT] ctx= 4353tok  E= 611.34J  Q=1.00  (ok)
  [SONDA_I SONDA     ] ctx= 4545tok  E= 240.16J  Q=1.00  (ok)
  [RESUMEN #2] E=1362.90J (trigger=4545 tok)
  [ T10 DRAFT     ] ctx= 3692tok  E=1423.70J  Q=1.00  (ok)
  [ T11 RECALL    ] ctx= 4253tok  E= 311.30J  Q=1.00  (ok)
  [SONDA_J SONDA     ] ctx= 4342tok  E= 221.68J  Q=1.00  (ok)
  [SONDA_C SONDA     ] ctx= 4393tok  E= 267.52J  Q=0.00  (ok)
  [ T12 FACT      ] ctx= 4428tok  E= 278.43J  Q=1.00  (ok)
  [ T13 SUMMARIZE ] ctx= 4539tok  E= 407.49J  Q=1.00  (ok)
  [RESUMEN #3] E=1418.68J (trigger=4539 tok)
  [ T14 RECALL    ] ctx= 3673tok  E= 282.19J  Q=1.00  (ok)
  [ T15 SONDA     ] ctx= 3793tok  E= 501.68J  Q=1.00  (ok)
  [ T16 RECALL    ] ctx= 3944tok  E= 294.84J  Q=1.00  (ok)

[OK] 32 registros completos -> results/runs/tres_brazos_20260727T204018Z/raw/run_AWQ_resumen_rep1.jsonl
[OK] Energía total: 14765.35 J | intervenciones: 3
=== INFERA | AWQ | descarte | rep 1 ===
  estabilización posterior al warmup: 30 s
  reposo: 10.0 W (300/300 muestras)
  [ T01 FACT      ] ctx= 3183tok  E=  48.01J  Q=1.00  (ok)
  [ T02 FACT      ] ctx= 3233tok  E= 177.93J  Q=1.00  (ok)
  [SONDA_A SONDA     ] ctx= 3284tok  E= 202.53J  Q=1.00  (ok)
  [ T03 CLASSIFY  ] ctx= 3357tok  E= 366.53J  Q=1.00  (ok)
  [ T04 CONSTRAINT] ctx= 3687tok  E=1132.85J  Q=0.92  (ok)
  [ T05 DRAFT     ] ctx= 4182tok  E= 788.70J  Q=1.00  (ok)
  [ T06 FACT      ] ctx= 4450tok  E= 263.16J  Q=1.00  (ok)
  [SONDA_B SONDA     ] ctx= 4508tok  E= 269.80J  Q=1.00  (ok)
  [DESCARTE #1] retira 4 pares; conserva 4 recientes; 0 J
  [ T07 SUMMARIZE ] ctx= 4255tok  E= 468.49J  Q=1.00  (ok)
  [SONDA_D SONDA     ] ctx= 4402tok  E= 232.22J  Q=1.00  (ok)
  [FACT_M1 FACT      ] ctx= 4452tok  E= 265.98J  Q=1.00  (ok)
  [SONDA_E SONDA     ] ctx= 4501tok  E= 257.03J  Q=1.00  (ok)
  [DESCARTE #2] retira 4 pares; conserva 4 recientes; 0 J
  [FACT_M2 FACT      ] ctx= 3462tok  E= 217.95J  Q=1.00  (ok)
  [SONDA_F SONDA     ] ctx= 3506tok  E= 208.61J  Q=1.00  (ok)
  [ T08 FACT      ] ctx= 3545tok  E= 218.28J  Q=1.00  (ok)
  [SONDA_G SONDA     ] ctx= 3602tok  E= 225.43J  Q=1.00  (ok)
  [FACT_M3 FACT      ] ctx= 3638tok  E= 219.00J  Q=1.00  (ok)
  [SONDA_H SONDA     ] ctx= 3683tok  E= 229.25J  Q=1.00  (ok)
  [ T09 CONSTRAINT] ctx= 3877tok  E= 589.58J  Q=1.00  (ok)
  [SONDA_I SONDA     ] ctx= 4069tok  E= 217.39J  Q=1.00  (ok)
  [ T10 DRAFT     ] ctx= 4149tok  E= 859.51J  Q=0.89  (ok)
  [ T11 RECALL    ] ctx= 4454tok  E= 323.50J  Q=0.50  (ok)
  [SONDA_J SONDA     ] ctx= 4538tok  E= 251.65J  Q=1.00  (ok)
  [DESCARTE #3] retira 11 pares; conserva 4 recientes; 0 J
  [SONDA_C SONDA     ] ctx= 3697tok  E= 224.96J  Q=1.00  (ok)
  [ T12 FACT      ] ctx= 3731tok  E= 250.01J  Q=1.00  (ok)
  [ T13 SUMMARIZE ] ctx= 3842tok  E= 388.04J  Q=1.00  (ok)
  [ T14 RECALL    ] ctx= 3949tok  E= 238.70J  Q=0.50  (ok)
  [ T15 SONDA     ] ctx= 4035tok  E= 275.37J  Q=0.50  (ok)
  [ T16 RECALL    ] ctx= 4109tok  E= 251.12J  Q=1.00  (ok)

[OK] 32 registros completos -> results/runs/tres_brazos_20260727T204018Z/raw/run_AWQ_descarte_rep1.jsonl
[OK] Energía total: 9661.58 J | intervenciones: 3
=== INFERA | FP16 | descarte | rep 1 ===
  estabilización posterior al warmup: 30 s
  reposo: 10.3 W (300/300 muestras)
  [ T01 FACT      ] ctx= 3183tok  E=  60.38J  Q=1.00  (ok)
  [ T02 FACT      ] ctx= 3233tok  E= 164.85J  Q=1.00  (ok)
  [SONDA_A SONDA     ] ctx= 3284tok  E= 175.58J  Q=1.00  (ok)
  [ T03 CLASSIFY  ] ctx= 3357tok  E= 544.27J  Q=1.00  (ok)
  [ T04 CONSTRAINT] ctx= 3684tok  E=2205.66J  Q=0.88  (ok)
  [ T05 DRAFT     ] ctx= 4182tok  E=1762.12J  Q=1.00  (ok)
  [ T06 FACT      ] ctx= 4524tok  E= 416.46J  Q=1.00  (ok)
  [DESCARTE #1] retira 3 pares; conserva 4 recientes; 0 J
  [SONDA_B SONDA     ] ctx= 4443tok  E= 240.47J  Q=1.00  (ok)
  [ T07 SUMMARIZE ] ctx= 4488tok  E= 885.35J  Q=1.00  (ok)
  [SONDA_D SONDA     ] ctx= 4662tok  E= 253.39J  Q=1.00  (ok)
  [DESCARTE #2] retira 3 pares; conserva 4 recientes; 0 J
  [FACT_M1 FACT      ] ctx= 3515tok  E= 209.80J  Q=1.00  (ok)
  [SONDA_E SONDA     ] ctx= 3564tok  E= 212.92J  Q=1.00  (ok)
  [FACT_M2 FACT      ] ctx= 3606tok  E= 210.03J  Q=1.00  (ok)
  [SONDA_F SONDA     ] ctx= 3650tok  E= 211.87J  Q=1.00  (ok)
  [ T08 FACT      ] ctx= 3690tok  E= 238.63J  Q=1.00  (ok)
  [SONDA_G SONDA     ] ctx= 3747tok  E= 201.85J  Q=1.00  (ok)
  [FACT_M3 FACT      ] ctx= 3783tok  E= 227.95J  Q=1.00  (ok)
  [SONDA_H SONDA     ] ctx= 3828tok  E= 224.19J  Q=1.00  (ok)
  [ T09 CONSTRAINT] ctx= 4022tok  E= 980.03J  Q=1.00  (ok)
  [SONDA_I SONDA     ] ctx= 4214tok  E= 227.59J  Q=1.00  (ok)
  [ T10 DRAFT     ] ctx= 4295tok  E=1446.71J  Q=0.89  (ok)
  [ T11 RECALL    ] ctx= 4577tok  E= 403.93J  Q=0.50  (ok)
  [DESCARTE #3] retira 12 pares; conserva 4 recientes; 0 J
  [SONDA_J SONDA     ] ctx= 3961tok  E= 218.81J  Q=1.00  (ok)
  [SONDA_C SONDA     ] ctx= 4013tok  E= 244.38J  Q=0.00  (ok)
  [ T12 FACT      ] ctx= 4050tok  E= 417.24J  Q=1.00  (ok)
  [ T13 SUMMARIZE ] ctx= 4183tok  E= 588.08J  Q=1.00  (ok)
  [ T14 RECALL    ] ctx= 4294tok  E= 258.01J  Q=0.50  (ok)
  [ T15 SONDA     ] ctx= 4381tok  E= 353.47J  Q=0.50  (ok)
  [ T16 RECALL    ] ctx= 4452tok  E= 241.74J  Q=1.00  (ok)

[OK] 32 registros completos -> results/runs/tres_brazos_20260727T204018Z/raw/run_FP16_descarte_rep1.jsonl
[OK] Energía total: 13825.75 J | intervenciones: 3
=== INFERA | FP16 | resumen | rep 1 ===
  estabilización posterior al warmup: 30 s
  reposo: 10.0 W (300/300 muestras)
  [ T01 FACT      ] ctx= 3183tok  E=  64.76J  Q=1.00  (ok)
  [ T02 FACT      ] ctx= 3233tok  E= 184.88J  Q=1.00  (ok)
  [SONDA_A SONDA     ] ctx= 3284tok  E= 160.88J  Q=1.00  (ok)
  [ T03 CLASSIFY  ] ctx= 3357tok  E= 535.94J  Q=1.00  (ok)
  [ T04 CONSTRAINT] ctx= 3684tok  E=2207.13J  Q=0.88  (ok)
  [ T05 DRAFT     ] ctx= 4182tok  E=1773.10J  Q=1.00  (ok)
  [ T06 FACT      ] ctx= 4524tok  E= 411.09J  Q=1.00  (ok)
  [RESUMEN #1] E=2040.28J (trigger=4524 tok)
  [SONDA_B SONDA     ] ctx= 3551tok  E= 209.38J  Q=1.00  (ok)
  [ T07 SUMMARIZE ] ctx= 3596tok  E= 749.68J  Q=1.00  (ok)
  [SONDA_D SONDA     ] ctx= 3757tok  E= 232.73J  Q=1.00  (ok)
  [FACT_M1 FACT      ] ctx= 3807tok  E= 230.43J  Q=1.00  (ok)
  [SONDA_E SONDA     ] ctx= 3856tok  E= 206.82J  Q=1.00  (ok)
  [FACT_M2 FACT      ] ctx= 3898tok  E= 217.33J  Q=1.00  (ok)
  [SONDA_F SONDA     ] ctx= 3942tok  E= 218.07J  Q=1.00  (ok)
  [ T08 FACT      ] ctx= 3982tok  E= 259.13J  Q=1.00  (ok)
  [SONDA_G SONDA     ] ctx= 4039tok  E= 215.72J  Q=1.00  (ok)
  [FACT_M3 FACT      ] ctx= 4075tok  E= 231.69J  Q=1.00  (ok)
  [SONDA_H SONDA     ] ctx= 4120tok  E= 243.07J  Q=1.00  (ok)
  [ T09 CONSTRAINT] ctx= 4315tok  E= 996.93J  Q=1.00  (ok)
  [SONDA_I SONDA     ] ctx= 4507tok  E= 233.33J  Q=1.00  (ok)
  [RESUMEN #2] E=2422.47J (trigger=4507 tok)
  [ T10 DRAFT     ] ctx= 3661tok  E=2097.19J  Q=1.00  (ok)
  [ T11 RECALL    ] ctx= 4080tok  E= 408.29J  Q=1.00  (ok)
  [SONDA_J SONDA     ] ctx= 4167tok  E= 218.46J  Q=1.00  (ok)
  [SONDA_C SONDA     ] ctx= 4218tok  E= 246.88J  Q=0.00  (ok)
  [ T12 FACT      ] ctx= 4254tok  E= 424.37J  Q=1.00  (ok)
  [ T13 SUMMARIZE ] ctx= 4387tok  E= 644.83J  Q=1.00  (ok)
  [ T14 RECALL    ] ctx= 4505tok  E= 428.76J  Q=1.00  (ok)
  [RESUMEN #3] E=2548.06J (trigger=4505 tok)
  [ T15 SONDA     ] ctx= 3687tok  E=1036.95J  Q=1.00  (ok)
  [ T16 RECALL    ] ctx= 3897tok  E= 387.66J  Q=1.00  (ok)

[OK] 32 registros completos -> results/runs/tres_brazos_20260727T204018Z/raw/run_FP16_resumen_rep1.jsonl
[OK] Energía total: 22486.30 J | intervenciones: 3
=== INFERA | FP16 | completo | rep 1 ===
  estabilización posterior al warmup: 30 s
  reposo: 10.3 W (300/300 muestras)
  [ T01 FACT      ] ctx= 3183tok  E=  70.53J  Q=1.00  (ok)
  [ T02 FACT      ] ctx= 3233tok  E= 183.72J  Q=1.00  (ok)
  [SONDA_A SONDA     ] ctx= 3284tok  E= 171.48J  Q=1.00  (ok)
  [ T03 CLASSIFY  ] ctx= 3357tok  E= 552.71J  Q=1.00  (ok)
  [ T04 CONSTRAINT] ctx= 3684tok  E=2226.09J  Q=0.88  (ok)
  [ T05 DRAFT     ] ctx= 4182tok  E=1773.60J  Q=1.00  (ok)
  [ T06 FACT      ] ctx= 4524tok  E= 407.88J  Q=1.00  (ok)
  [SONDA_B SONDA     ] ctx= 4597tok  E= 240.53J  Q=1.00  (ok)
  [ T07 SUMMARIZE ] ctx= 4642tok  E= 853.00J  Q=1.00  (ok)
  [SONDA_D SONDA     ] ctx= 4813tok  E= 269.09J  Q=1.00  (ok)
  [FACT_M1 FACT      ] ctx= 4866tok  E= 281.66J  Q=1.00  (ok)
  [SONDA_E SONDA     ] ctx= 4915tok  E= 251.41J  Q=1.00  (ok)
  [FACT_M2 FACT      ] ctx= 4957tok  E= 281.82J  Q=1.00  (ok)
  [SONDA_F SONDA     ] ctx= 5001tok  E= 248.63J  Q=1.00  (ok)
  [ T08 FACT      ] ctx= 5041tok  E= 320.70J  Q=1.00  (ok)
  [SONDA_G SONDA     ] ctx= 5102tok  E= 255.18J  Q=1.00  (ok)
  [FACT_M3 FACT      ] ctx= 5139tok  E= 275.77J  Q=1.00  (ok)
  [SONDA_H SONDA     ] ctx= 5184tok  E= 288.91J  Q=1.00  (ok)
  [ T09 CONSTRAINT] ctx= 5379tok  E=1072.68J  Q=1.00  (ok)
  [SONDA_I SONDA     ] ctx= 5574tok  E= 272.18J  Q=1.00  (ok)
  [ T10 DRAFT     ] ctx= 5655tok  E=1681.64J  Q=1.00  (ok)
  [ T11 RECALL    ] ctx= 5970tok  E= 363.73J  Q=1.00  (ok)
  [SONDA_J SONDA     ] ctx= 6029tok  E= 276.91J  Q=1.00  (ok)
  [SONDA_C SONDA     ] ctx= 6081tok  E= 306.10J  Q=1.00  (ok)
  [ T12 FACT      ] ctx= 6116tok  E= 511.85J  Q=1.00  (ok)
  [ T13 SUMMARIZE ] ctx= 6249tok  E= 705.69J  Q=1.00  (ok)
  [ T14 RECALL    ] ctx= 6360tok  E= 393.38J  Q=1.00  (ok)
  [ T15 SONDA     ] ctx= 6459tok  E= 474.83J  Q=0.00  (ok)
  [ T16 RECALL    ] ctx= 6533tok  E= 313.23J  Q=1.00  (ok)

[OK] 29 registros completos -> results/runs/tres_brazos_20260727T204018Z/raw/run_FP16_completo_rep1.jsonl
[OK] Energía total: 15324.93 J | intervenciones: 0
=== INFERA | FP16 | completo | rep 2 ===
  estabilización posterior al warmup: 30 s
  reposo: 10.4 W (300/300 muestras)
  [ T01 FACT      ] ctx= 3183tok  E=  81.85J  Q=1.00  (ok)
  [ T02 FACT      ] ctx= 3233tok  E= 162.70J  Q=1.00  (ok)
  [SONDA_A SONDA     ] ctx= 3284tok  E= 178.14J  Q=1.00  (ok)
  [ T03 CLASSIFY  ] ctx= 3357tok  E= 528.10J  Q=1.00  (ok)
  [ T04 CONSTRAINT] ctx= 3684tok  E=2210.11J  Q=0.88  (ok)
  [ T05 DRAFT     ] ctx= 4182tok  E=1775.56J  Q=1.00  (ok)
  [ T06 FACT      ] ctx= 4524tok  E= 420.88J  Q=1.00  (ok)
  [SONDA_B SONDA     ] ctx= 4597tok  E= 240.95J  Q=1.00  (ok)
  [ T07 SUMMARIZE ] ctx= 4642tok  E= 853.07J  Q=1.00  (ok)
  [SONDA_D SONDA     ] ctx= 4813tok  E= 270.21J  Q=1.00  (ok)
  [FACT_M1 FACT      ] ctx= 4866tok  E= 284.96J  Q=1.00  (ok)
  [SONDA_E SONDA     ] ctx= 4915tok  E= 254.23J  Q=1.00  (ok)
  [FACT_M2 FACT      ] ctx= 4957tok  E= 282.39J  Q=1.00  (ok)
  [SONDA_F SONDA     ] ctx= 5001tok  E= 253.86J  Q=1.00  (ok)
  [ T08 FACT      ] ctx= 5041tok  E= 321.98J  Q=1.00  (ok)
  [SONDA_G SONDA     ] ctx= 5102tok  E= 248.29J  Q=1.00  (ok)
  [FACT_M3 FACT      ] ctx= 5139tok  E= 279.49J  Q=1.00  (ok)
  [SONDA_H SONDA     ] ctx= 5184tok  E= 289.06J  Q=1.00  (ok)
  [ T09 CONSTRAINT] ctx= 5379tok  E=1081.61J  Q=1.00  (ok)
  [SONDA_I SONDA     ] ctx= 5574tok  E= 259.77J  Q=1.00  (ok)
  [ T10 DRAFT     ] ctx= 5655tok  E=1701.31J  Q=1.00  (ok)
  [ T11 RECALL    ] ctx= 5970tok  E= 340.99J  Q=1.00  (ok)
  [SONDA_J SONDA     ] ctx= 6029tok  E= 323.02J  Q=1.00  (ok)
  [SONDA_C SONDA     ] ctx= 6081tok  E= 289.22J  Q=1.00  (ok)
  [ T12 FACT      ] ctx= 6116tok  E= 534.82J  Q=1.00  (ok)
  [ T13 SUMMARIZE ] ctx= 6249tok  E= 702.27J  Q=1.00  (ok)
  [ T14 RECALL    ] ctx= 6360tok  E= 384.76J  Q=1.00  (ok)
  [ T15 SONDA     ] ctx= 6459tok  E= 494.53J  Q=0.00  (ok)
  [ T16 RECALL    ] ctx= 6533tok  E= 324.27J  Q=1.00  (ok)

[OK] 29 registros completos -> results/runs/tres_brazos_20260727T204018Z/raw/run_FP16_completo_rep2.jsonl
[OK] Energía total: 15372.42 J | intervenciones: 0
=== INFERA | FP16 | descarte | rep 2 ===
  estabilización posterior al warmup: 30 s
  reposo: 10.3 W (300/300 muestras)
  [ T01 FACT      ] ctx= 3183tok  E=  66.34J  Q=1.00  (ok)
  [ T02 FACT      ] ctx= 3233tok  E= 166.93J  Q=1.00  (ok)
  [SONDA_A SONDA     ] ctx= 3284tok  E= 189.29J  Q=1.00  (ok)
  [ T03 CLASSIFY  ] ctx= 3357tok  E= 533.58J  Q=1.00  (ok)
  [ T04 CONSTRAINT] ctx= 3684tok  E=2216.34J  Q=0.88  (ok)
  [ T05 DRAFT     ] ctx= 4182tok  E=1748.43J  Q=1.00  (ok)
  [ T06 FACT      ] ctx= 4524tok  E= 418.38J  Q=1.00  (ok)
  [DESCARTE #1] retira 3 pares; conserva 4 recientes; 0 J
  [SONDA_B SONDA     ] ctx= 4443tok  E= 236.01J  Q=1.00  (ok)
  [ T07 SUMMARIZE ] ctx= 4488tok  E= 892.11J  Q=1.00  (ok)
  [SONDA_D SONDA     ] ctx= 4662tok  E= 251.04J  Q=1.00  (ok)
  [DESCARTE #2] retira 3 pares; conserva 4 recientes; 0 J
  [FACT_M1 FACT      ] ctx= 3515tok  E= 210.46J  Q=1.00  (ok)
  [SONDA_E SONDA     ] ctx= 3564tok  E= 212.81J  Q=1.00  (ok)
  [FACT_M2 FACT      ] ctx= 3606tok  E= 209.22J  Q=1.00  (ok)
  [SONDA_F SONDA     ] ctx= 3650tok  E= 213.99J  Q=1.00  (ok)
  [ T08 FACT      ] ctx= 3690tok  E= 238.46J  Q=1.00  (ok)
  [SONDA_G SONDA     ] ctx= 3747tok  E= 196.30J  Q=1.00  (ok)
  [FACT_M3 FACT      ] ctx= 3783tok  E= 230.69J  Q=1.00  (ok)
  [SONDA_H SONDA     ] ctx= 3828tok  E= 209.57J  Q=1.00  (ok)
  [ T09 CONSTRAINT] ctx= 4022tok  E= 967.96J  Q=1.00  (ok)
  [SONDA_I SONDA     ] ctx= 4214tok  E= 224.31J  Q=1.00  (ok)
  [ T10 DRAFT     ] ctx= 4295tok  E=1423.57J  Q=0.89  (ok)
  [ T11 RECALL    ] ctx= 4577tok  E= 414.90J  Q=0.50  (ok)
  [DESCARTE #3] retira 12 pares; conserva 4 recientes; 0 J
  [SONDA_J SONDA     ] ctx= 3961tok  E= 220.10J  Q=1.00  (ok)
  [SONDA_C SONDA     ] ctx= 4013tok  E= 243.27J  Q=0.00  (ok)
  [ T12 FACT      ] ctx= 4050tok  E= 418.84J  Q=1.00  (ok)
  [ T13 SUMMARIZE ] ctx= 4183tok  E= 576.62J  Q=1.00  (ok)
  [ T14 RECALL    ] ctx= 4294tok  E= 262.02J  Q=0.50  (ok)
  [ T15 SONDA     ] ctx= 4381tok  E= 365.02J  Q=0.50  (ok)
  [ T16 RECALL    ] ctx= 4452tok  E= 233.66J  Q=1.00  (ok)

[OK] 32 registros completos -> results/runs/tres_brazos_20260727T204018Z/raw/run_FP16_descarte_rep2.jsonl
[OK] Energía total: 13790.23 J | intervenciones: 3
=== INFERA | FP16 | resumen | rep 2 ===
  estabilización posterior al warmup: 30 s
  reposo: 10.2 W (300/300 muestras)
  [ T01 FACT      ] ctx= 3183tok  E=  50.49J  Q=1.00  (ok)
  [ T02 FACT      ] ctx= 3233tok  E= 161.70J  Q=1.00  (ok)
  [SONDA_A SONDA     ] ctx= 3284tok  E= 184.77J  Q=1.00  (ok)
  [ T03 CLASSIFY  ] ctx= 3357tok  E= 525.08J  Q=1.00  (ok)
  [ T04 CONSTRAINT] ctx= 3684tok  E=2208.85J  Q=0.88  (ok)
  [ T05 DRAFT     ] ctx= 4182tok  E=1769.31J  Q=1.00  (ok)
  [ T06 FACT      ] ctx= 4524tok  E= 428.03J  Q=1.00  (ok)
  [RESUMEN #1] E=2034.50J (trigger=4524 tok)
  [SONDA_B SONDA     ] ctx= 3551tok  E= 199.08J  Q=1.00  (ok)
  [ T07 SUMMARIZE ] ctx= 3596tok  E= 735.67J  Q=1.00  (ok)
  [SONDA_D SONDA     ] ctx= 3757tok  E= 229.29J  Q=1.00  (ok)
  [FACT_M1 FACT      ] ctx= 3807tok  E= 241.35J  Q=1.00  (ok)
  [SONDA_E SONDA     ] ctx= 3856tok  E= 210.71J  Q=1.00  (ok)
  [FACT_M2 FACT      ] ctx= 3898tok  E= 220.92J  Q=1.00  (ok)
  [SONDA_F SONDA     ] ctx= 3942tok  E= 223.91J  Q=1.00  (ok)
  [ T08 FACT      ] ctx= 3982tok  E= 265.13J  Q=1.00  (ok)
  [SONDA_G SONDA     ] ctx= 4039tok  E= 205.34J  Q=1.00  (ok)
  [FACT_M3 FACT      ] ctx= 4075tok  E= 238.43J  Q=1.00  (ok)
  [SONDA_H SONDA     ] ctx= 4120tok  E= 238.23J  Q=1.00  (ok)
  [ T09 CONSTRAINT] ctx= 4315tok  E= 990.41J  Q=1.00  (ok)
  [SONDA_I SONDA     ] ctx= 4507tok  E= 237.67J  Q=1.00  (ok)
  [RESUMEN #2] E=2443.79J (trigger=4507 tok)
  [ T10 DRAFT     ] ctx= 3661tok  E=2080.16J  Q=1.00  (ok)
  [ T11 RECALL    ] ctx= 4080tok  E= 416.86J  Q=1.00  (ok)
  [SONDA_J SONDA     ] ctx= 4167tok  E= 206.40J  Q=1.00  (ok)
  [SONDA_C SONDA     ] ctx= 4218tok  E= 245.83J  Q=0.00  (ok)
  [ T12 FACT      ] ctx= 4254tok  E= 424.19J  Q=1.00  (ok)
  [ T13 SUMMARIZE ] ctx= 4387tok  E= 647.23J  Q=1.00  (ok)
  [ T14 RECALL    ] ctx= 4505tok  E= 451.21J  Q=1.00  (ok)
  [RESUMEN #3] E=2537.73J (trigger=4505 tok)
  [ T15 SONDA     ] ctx= 3687tok  E=1052.22J  Q=1.00  (ok)
  [ T16 RECALL    ] ctx= 3897tok  E= 380.19J  Q=1.00  (ok)

[OK] 32 registros completos -> results/runs/tres_brazos_20260727T204018Z/raw/run_FP16_resumen_rep2.jsonl
[OK] Energía total: 22484.67 J | intervenciones: 3
=== INFERA | AWQ | resumen | rep 2 ===
  estabilización posterior al warmup: 30 s
  reposo: 10.3 W (300/300 muestras)
  [ T01 FACT      ] ctx= 3183tok  E=  43.93J  Q=1.00  (ok)
  [ T02 FACT      ] ctx= 3233tok  E= 178.02J  Q=1.00  (ok)
  [SONDA_A SONDA     ] ctx= 3284tok  E= 202.16J  Q=1.00  (ok)
  [ T03 CLASSIFY  ] ctx= 3357tok  E= 373.60J  Q=1.00  (ok)
  [ T04 CONSTRAINT] ctx= 3687tok  E=1107.73J  Q=0.92  (ok)
  [ T05 DRAFT     ] ctx= 4182tok  E= 792.94J  Q=1.00  (ok)
  [ T06 FACT      ] ctx= 4450tok  E= 260.57J  Q=1.00  (ok)
  [SONDA_B SONDA     ] ctx= 4508tok  E= 271.99J  Q=1.00  (ok)
  [RESUMEN #1] E=1241.72J (trigger=4508 tok)
  [ T07 SUMMARIZE ] ctx= 3608tok  E= 527.51J  Q=1.00  (ok)
  [SONDA_D SONDA     ] ctx= 3797tok  E= 212.65J  Q=1.00  (ok)
  [FACT_M1 FACT      ] ctx= 3847tok  E= 228.57J  Q=1.00  (ok)
  [SONDA_E SONDA     ] ctx= 3896tok  E= 222.76J  Q=1.00  (ok)
  [FACT_M2 FACT      ] ctx= 3938tok  E= 235.08J  Q=1.00  (ok)
  [SONDA_F SONDA     ] ctx= 3982tok  E= 234.01J  Q=1.00  (ok)
  [ T08 FACT      ] ctx= 4021tok  E= 256.40J  Q=1.00  (ok)
  [SONDA_G SONDA     ] ctx= 4078tok  E= 222.56J  Q=1.00  (ok)
  [FACT_M3 FACT      ] ctx= 4114tok  E= 255.35J  Q=1.00  (ok)
  [SONDA_H SONDA     ] ctx= 4159tok  E= 265.70J  Q=1.00  (ok)
  [ T09 CONSTRAINT] ctx= 4353tok  E= 607.94J  Q=1.00  (ok)
  [SONDA_I SONDA     ] ctx= 4545tok  E= 223.32J  Q=1.00  (ok)
  [RESUMEN #2] E=1357.09J (trigger=4545 tok)
  [ T10 DRAFT     ] ctx= 3692tok  E=1439.60J  Q=1.00  (ok)
  [ T11 RECALL    ] ctx= 4253tok  E= 324.22J  Q=1.00  (ok)
  [SONDA_J SONDA     ] ctx= 4342tok  E= 216.23J  Q=1.00  (ok)
  [SONDA_C SONDA     ] ctx= 4393tok  E= 252.04J  Q=0.00  (ok)
  [ T12 FACT      ] ctx= 4428tok  E= 281.92J  Q=1.00  (ok)
  [ T13 SUMMARIZE ] ctx= 4539tok  E= 416.64J  Q=1.00  (ok)
  [RESUMEN #3] E=1415.49J (trigger=4539 tok)
  [ T14 RECALL    ] ctx= 3673tok  E= 290.35J  Q=1.00  (ok)
  [ T15 SONDA     ] ctx= 3793tok  E= 468.35J  Q=1.00  (ok)
  [ T16 RECALL    ] ctx= 3944tok  E= 316.02J  Q=1.00  (ok)

[OK] 32 registros completos -> results/runs/tres_brazos_20260727T204018Z/raw/run_AWQ_resumen_rep2.jsonl
[OK] Energía total: 14742.48 J | intervenciones: 3
=== INFERA | AWQ | descarte | rep 2 ===
  estabilización posterior al warmup: 30 s
  reposo: 10.3 W (300/300 muestras)
  [ T01 FACT      ] ctx= 3183tok  E=  40.91J  Q=1.00  (ok)
  [ T02 FACT      ] ctx= 3233tok  E= 173.43J  Q=1.00  (ok)
  [SONDA_A SONDA     ] ctx= 3284tok  E= 203.82J  Q=1.00  (ok)
  [ T03 CLASSIFY  ] ctx= 3357tok  E= 373.59J  Q=1.00  (ok)
  [ T04 CONSTRAINT] ctx= 3687tok  E=1108.32J  Q=0.92  (ok)
  [ T05 DRAFT     ] ctx= 4182tok  E= 790.83J  Q=1.00  (ok)
  [ T06 FACT      ] ctx= 4450tok  E= 257.93J  Q=1.00  (ok)
  [SONDA_B SONDA     ] ctx= 4508tok  E= 271.01J  Q=1.00  (ok)
  [DESCARTE #1] retira 4 pares; conserva 4 recientes; 0 J
  [ T07 SUMMARIZE ] ctx= 4255tok  E= 467.83J  Q=1.00  (ok)
  [SONDA_D SONDA     ] ctx= 4402tok  E= 245.77J  Q=1.00  (ok)
  [FACT_M1 FACT      ] ctx= 4452tok  E= 274.89J  Q=1.00  (ok)
  [SONDA_E SONDA     ] ctx= 4501tok  E= 258.01J  Q=1.00  (ok)
  [DESCARTE #2] retira 4 pares; conserva 4 recientes; 0 J
  [FACT_M2 FACT      ] ctx= 3462tok  E= 221.04J  Q=1.00  (ok)
  [SONDA_F SONDA     ] ctx= 3506tok  E= 210.64J  Q=1.00  (ok)
  [ T08 FACT      ] ctx= 3545tok  E= 217.12J  Q=1.00  (ok)
  [SONDA_G SONDA     ] ctx= 3602tok  E= 227.07J  Q=1.00  (ok)
  [FACT_M3 FACT      ] ctx= 3638tok  E= 219.33J  Q=1.00  (ok)
  [SONDA_H SONDA     ] ctx= 3683tok  E= 226.88J  Q=1.00  (ok)
  [ T09 CONSTRAINT] ctx= 3877tok  E= 591.54J  Q=1.00  (ok)
  [SONDA_I SONDA     ] ctx= 4069tok  E= 224.44J  Q=1.00  (ok)
  [ T10 DRAFT     ] ctx= 4149tok  E= 876.16J  Q=0.89  (ok)
  [ T11 RECALL    ] ctx= 4454tok  E= 327.99J  Q=0.50  (ok)
  [SONDA_J SONDA     ] ctx= 4538tok  E= 252.48J  Q=1.00  (ok)
  [DESCARTE #3] retira 11 pares; conserva 4 recientes; 0 J
  [SONDA_C SONDA     ] ctx= 3697tok  E= 228.64J  Q=1.00  (ok)
  [ T12 FACT      ] ctx= 3731tok  E= 248.23J  Q=1.00  (ok)
  [ T13 SUMMARIZE ] ctx= 3842tok  E= 388.36J  Q=1.00  (ok)
  [ T14 RECALL    ] ctx= 3949tok  E= 232.74J  Q=0.50  (ok)
  [ T15 SONDA     ] ctx= 4035tok  E= 276.73J  Q=0.50  (ok)
  [ T16 RECALL    ] ctx= 4109tok  E= 251.13J  Q=1.00  (ok)

[OK] 32 registros completos -> results/runs/tres_brazos_20260727T204018Z/raw/run_AWQ_descarte_rep2.jsonl
[OK] Energía total: 9686.85 J | intervenciones: 3
=== INFERA | AWQ | completo | rep 2 ===
  estabilización posterior al warmup: 30 s
  reposo: 10.3 W (300/300 muestras)
  [ T01 FACT      ] ctx= 3183tok  E=  66.31J  Q=1.00  (ok)
  [ T02 FACT      ] ctx= 3233tok  E= 159.75J  Q=1.00  (ok)
  [SONDA_A SONDA     ] ctx= 3284tok  E= 190.32J  Q=1.00  (ok)
  [ T03 CLASSIFY  ] ctx= 3357tok  E= 350.19J  Q=1.00  (ok)
  [ T04 CONSTRAINT] ctx= 3687tok  E=1146.38J  Q=0.92  (ok)
  [ T05 DRAFT     ] ctx= 4182tok  E= 789.77J  Q=1.00  (ok)
  [ T06 FACT      ] ctx= 4450tok  E= 254.23J  Q=1.00  (ok)
  [SONDA_B SONDA     ] ctx= 4508tok  E= 262.99J  Q=1.00  (ok)
  [ T07 SUMMARIZE ] ctx= 4553tok  E= 645.91J  Q=1.00  (ok)
  [SONDA_D SONDA     ] ctx= 4761tok  E= 267.11J  Q=1.00  (ok)
  [FACT_M1 FACT      ] ctx= 4813tok  E= 253.08J  Q=1.00  (ok)
  [SONDA_E SONDA     ] ctx= 4862tok  E= 272.53J  Q=1.00  (ok)
  [FACT_M2 FACT      ] ctx= 4904tok  E= 270.93J  Q=1.00  (ok)
  [SONDA_F SONDA     ] ctx= 4948tok  E= 270.83J  Q=1.00  (ok)
  [ T08 FACT      ] ctx= 4988tok  E= 291.41J  Q=1.00  (ok)
  [SONDA_G SONDA     ] ctx= 5047tok  E= 270.22J  Q=1.00  (ok)
  [FACT_M3 FACT      ] ctx= 5085tok  E= 300.61J  Q=1.00  (ok)
  [SONDA_H SONDA     ] ctx= 5130tok  E= 280.49J  Q=1.00  (ok)
  [ T09 CONSTRAINT] ctx= 5325tok  E= 674.31J  Q=1.00  (ok)
  [SONDA_I SONDA     ] ctx= 5517tok  E= 267.62J  Q=1.00  (ok)
  [ T10 DRAFT     ] ctx= 5598tok  E= 886.39J  Q=1.00  (ok)
  [ T11 RECALL    ] ctx= 5870tok  E= 351.90J  Q=1.00  (ok)
  [SONDA_J SONDA     ] ctx= 5955tok  E= 283.14J  Q=1.00  (ok)
  [SONDA_C SONDA     ] ctx= 6007tok  E= 325.61J  Q=1.00  (ok)
  [ T12 FACT      ] ctx= 6042tok  E= 418.06J  Q=1.00  (ok)
  [ T13 SUMMARIZE ] ctx= 6175tok  E= 508.28J  Q=1.00  (ok)
  [ T14 RECALL    ] ctx= 6282tok  E= 377.82J  Q=1.00  (ok)
  [ T15 SONDA     ] ctx= 6380tok  E= 412.77J  Q=0.50  (ok)
  [ T16 RECALL    ] ctx= 6452tok  E= 325.53J  Q=1.00  (ok)

[OK] 29 registros completos -> results/runs/tres_brazos_20260727T204018Z/raw/run_AWQ_completo_rep2.jsonl
[OK] Energía total: 11174.48 J | intervenciones: 0
=== INFERA | AWQ | descarte | rep 3 ===
  estabilización posterior al warmup: 30 s
  reposo: 10.1 W (300/300 muestras)
  [ T01 FACT      ] ctx= 3183tok  E=  62.05J  Q=1.00  (ok)
  [ T02 FACT      ] ctx= 3233tok  E= 138.58J  Q=1.00  (ok)
  [SONDA_A SONDA     ] ctx= 3284tok  E= 180.15J  Q=1.00  (ok)
  [ T03 CLASSIFY  ] ctx= 3357tok  E= 386.79J  Q=1.00  (ok)
  [ T04 CONSTRAINT] ctx= 3687tok  E=1116.27J  Q=0.92  (ok)
  [ T05 DRAFT     ] ctx= 4182tok  E= 774.53J  Q=1.00  (ok)
  [ T06 FACT      ] ctx= 4450tok  E= 270.66J  Q=1.00  (ok)
  [SONDA_B SONDA     ] ctx= 4508tok  E= 263.64J  Q=1.00  (ok)
  [DESCARTE #1] retira 4 pares; conserva 4 recientes; 0 J
  [ T07 SUMMARIZE ] ctx= 4255tok  E= 486.48J  Q=1.00  (ok)
  [SONDA_D SONDA     ] ctx= 4402tok  E= 245.34J  Q=1.00  (ok)
  [FACT_M1 FACT      ] ctx= 4452tok  E= 259.32J  Q=1.00  (ok)
  [SONDA_E SONDA     ] ctx= 4501tok  E= 258.65J  Q=1.00  (ok)
  [DESCARTE #2] retira 4 pares; conserva 4 recientes; 0 J
  [FACT_M2 FACT      ] ctx= 3462tok  E= 246.05J  Q=1.00  (ok)
  [SONDA_F SONDA     ] ctx= 3506tok  E= 212.09J  Q=1.00  (ok)
  [ T08 FACT      ] ctx= 3545tok  E= 227.85J  Q=1.00  (ok)
  [SONDA_G SONDA     ] ctx= 3602tok  E= 225.68J  Q=1.00  (ok)
  [FACT_M3 FACT      ] ctx= 3638tok  E= 232.48J  Q=1.00  (ok)
  [SONDA_H SONDA     ] ctx= 3683tok  E= 227.59J  Q=1.00  (ok)
  [ T09 CONSTRAINT] ctx= 3877tok  E= 569.45J  Q=1.00  (ok)
  [SONDA_I SONDA     ] ctx= 4069tok  E= 217.60J  Q=1.00  (ok)
  [ T10 DRAFT     ] ctx= 4149tok  E= 870.93J  Q=0.89  (ok)
  [ T11 RECALL    ] ctx= 4454tok  E= 309.11J  Q=0.50  (ok)
  [SONDA_J SONDA     ] ctx= 4538tok  E= 244.06J  Q=1.00  (ok)
  [DESCARTE #3] retira 11 pares; conserva 4 recientes; 0 J
  [SONDA_C SONDA     ] ctx= 3697tok  E= 251.76J  Q=1.00  (ok)
  [ T12 FACT      ] ctx= 3731tok  E= 257.91J  Q=1.00  (ok)
  [ T13 SUMMARIZE ] ctx= 3842tok  E= 379.46J  Q=1.00  (ok)
  [ T14 RECALL    ] ctx= 3949tok  E= 237.72J  Q=0.50  (ok)
  [ T15 SONDA     ] ctx= 4035tok  E= 277.03J  Q=0.50  (ok)
  [ T16 RECALL    ] ctx= 4109tok  E= 266.24J  Q=1.00  (ok)

[OK] 32 registros completos -> results/runs/tres_brazos_20260727T204018Z/raw/run_AWQ_descarte_rep3.jsonl
[OK] Energía total: 9695.48 J | intervenciones: 3
=== INFERA | AWQ | completo | rep 3 ===
  estabilización posterior al warmup: 30 s
  reposo: 10.2 W (300/300 muestras)
  [ T01 FACT      ] ctx= 3183tok  E=  42.14J  Q=1.00  (ok)
  [ T02 FACT      ] ctx= 3233tok  E= 168.35J  Q=1.00  (ok)
  [SONDA_A SONDA     ] ctx= 3284tok  E= 186.20J  Q=1.00  (ok)
  [ T03 CLASSIFY  ] ctx= 3357tok  E= 381.75J  Q=1.00  (ok)
  [ T04 CONSTRAINT] ctx= 3687tok  E=1107.87J  Q=0.92  (ok)
  [ T05 DRAFT     ] ctx= 4182tok  E= 792.41J  Q=1.00  (ok)
  [ T06 FACT      ] ctx= 4450tok  E= 267.75J  Q=1.00  (ok)
  [SONDA_B SONDA     ] ctx= 4508tok  E= 254.86J  Q=1.00  (ok)
  [ T07 SUMMARIZE ] ctx= 4553tok  E= 645.36J  Q=1.00  (ok)
  [SONDA_D SONDA     ] ctx= 4761tok  E= 251.47J  Q=1.00  (ok)
  [FACT_M1 FACT      ] ctx= 4813tok  E= 259.56J  Q=1.00  (ok)
  [SONDA_E SONDA     ] ctx= 4862tok  E= 272.42J  Q=1.00  (ok)
  [FACT_M2 FACT      ] ctx= 4904tok  E= 270.64J  Q=1.00  (ok)
  [SONDA_F SONDA     ] ctx= 4948tok  E= 279.00J  Q=1.00  (ok)
  [ T08 FACT      ] ctx= 4988tok  E= 297.34J  Q=1.00  (ok)
  [SONDA_G SONDA     ] ctx= 5047tok  E= 273.67J  Q=1.00  (ok)
  [FACT_M3 FACT      ] ctx= 5085tok  E= 293.21J  Q=1.00  (ok)
  [SONDA_H SONDA     ] ctx= 5130tok  E= 291.71J  Q=1.00  (ok)
  [ T09 CONSTRAINT] ctx= 5325tok  E= 671.29J  Q=1.00  (ok)
  [SONDA_I SONDA     ] ctx= 5517tok  E= 277.06J  Q=1.00  (ok)
  [ T10 DRAFT     ] ctx= 5598tok  E= 872.42J  Q=1.00  (ok)
  [ T11 RECALL    ] ctx= 5870tok  E= 367.21J  Q=1.00  (ok)
  [SONDA_J SONDA     ] ctx= 5955tok  E= 330.15J  Q=1.00  (ok)
  [SONDA_C SONDA     ] ctx= 6007tok  E= 289.85J  Q=1.00  (ok)
  [ T12 FACT      ] ctx= 6042tok  E= 425.66J  Q=1.00  (ok)
  [ T13 SUMMARIZE ] ctx= 6175tok  E= 513.04J  Q=1.00  (ok)
  [ T14 RECALL    ] ctx= 6282tok  E= 333.69J  Q=1.00  (ok)
  [ T15 SONDA     ] ctx= 6380tok  E= 409.36J  Q=0.50  (ok)
  [ T16 RECALL    ] ctx= 6452tok  E= 324.45J  Q=1.00  (ok)

[OK] 29 registros completos -> results/runs/tres_brazos_20260727T204018Z/raw/run_AWQ_completo_rep3.jsonl
[OK] Energía total: 11149.92 J | intervenciones: 0
=== INFERA | AWQ | resumen | rep 3 ===
  estabilización posterior al warmup: 30 s
  reposo: 10.3 W (300/300 muestras)
  [ T01 FACT      ] ctx= 3183tok  E=  47.06J  Q=1.00  (ok)
  [ T02 FACT      ] ctx= 3233tok  E= 179.03J  Q=1.00  (ok)
  [SONDA_A SONDA     ] ctx= 3284tok  E= 201.03J  Q=1.00  (ok)
  [ T03 CLASSIFY  ] ctx= 3357tok  E= 355.68J  Q=1.00  (ok)
  [ T04 CONSTRAINT] ctx= 3687tok  E=1120.88J  Q=0.92  (ok)
  [ T05 DRAFT     ] ctx= 4182tok  E= 773.28J  Q=1.00  (ok)
  [ T06 FACT      ] ctx= 4450tok  E= 278.41J  Q=1.00  (ok)
  [SONDA_B SONDA     ] ctx= 4508tok  E= 259.95J  Q=1.00  (ok)
  [RESUMEN #1] E=1234.94J (trigger=4508 tok)
  [ T07 SUMMARIZE ] ctx= 3608tok  E= 513.17J  Q=1.00  (ok)
  [SONDA_D SONDA     ] ctx= 3797tok  E= 214.22J  Q=1.00  (ok)
  [FACT_M1 FACT      ] ctx= 3847tok  E= 227.49J  Q=1.00  (ok)
  [SONDA_E SONDA     ] ctx= 3896tok  E= 227.29J  Q=1.00  (ok)
  [FACT_M2 FACT      ] ctx= 3938tok  E= 230.04J  Q=1.00  (ok)
  [SONDA_F SONDA     ] ctx= 3982tok  E= 234.04J  Q=1.00  (ok)
  [ T08 FACT      ] ctx= 4021tok  E= 254.50J  Q=1.00  (ok)
  [SONDA_G SONDA     ] ctx= 4078tok  E= 226.58J  Q=1.00  (ok)
  [FACT_M3 FACT      ] ctx= 4114tok  E= 254.19J  Q=1.00  (ok)
  [SONDA_H SONDA     ] ctx= 4159tok  E= 248.98J  Q=1.00  (ok)
  [ T09 CONSTRAINT] ctx= 4353tok  E= 590.36J  Q=1.00  (ok)
  [SONDA_I SONDA     ] ctx= 4545tok  E= 240.61J  Q=1.00  (ok)
  [RESUMEN #2] E=1362.78J (trigger=4545 tok)
  [ T10 DRAFT     ] ctx= 3692tok  E=1430.69J  Q=1.00  (ok)
  [ T11 RECALL    ] ctx= 4253tok  E= 334.66J  Q=1.00  (ok)
  [SONDA_J SONDA     ] ctx= 4342tok  E= 215.48J  Q=1.00  (ok)
  [SONDA_C SONDA     ] ctx= 4393tok  E= 265.18J  Q=0.00  (ok)
  [ T12 FACT      ] ctx= 4428tok  E= 297.78J  Q=1.00  (ok)
  [ T13 SUMMARIZE ] ctx= 4539tok  E= 411.25J  Q=1.00  (ok)
  [RESUMEN #3] E=1418.32J (trigger=4539 tok)
  [ T14 RECALL    ] ctx= 3673tok  E= 274.86J  Q=1.00  (ok)
  [ T15 SONDA     ] ctx= 3793tok  E= 495.02J  Q=1.00  (ok)
  [ T16 RECALL    ] ctx= 3944tok  E= 294.50J  Q=1.00  (ok)

[OK] 32 registros completos -> results/runs/tres_brazos_20260727T204018Z/raw/run_AWQ_resumen_rep3.jsonl
[OK] Energía total: 14712.26 J | intervenciones: 3
=== INFERA | FP16 | resumen | rep 3 ===
  estabilización posterior al warmup: 30 s
  reposo: 10.4 W (300/300 muestras)
  [ T01 FACT      ] ctx= 3183tok  E=  86.98J  Q=1.00  (ok)
  [ T02 FACT      ] ctx= 3233tok  E= 191.31J  Q=1.00  (ok)
  [SONDA_A SONDA     ] ctx= 3284tok  E= 168.75J  Q=1.00  (ok)
  [ T03 CLASSIFY  ] ctx= 3357tok  E= 545.17J  Q=1.00  (ok)
  [ T04 CONSTRAINT] ctx= 3684tok  E=2204.43J  Q=0.88  (ok)
  [ T05 DRAFT     ] ctx= 4182tok  E=1775.15J  Q=1.00  (ok)
  [ T06 FACT      ] ctx= 4524tok  E= 411.76J  Q=1.00  (ok)
  [RESUMEN #1] E=2036.94J (trigger=4524 tok)
  [SONDA_B SONDA     ] ctx= 3551tok  E= 204.19J  Q=1.00  (ok)
  [ T07 SUMMARIZE ] ctx= 3596tok  E= 753.61J  Q=1.00  (ok)
  [SONDA_D SONDA     ] ctx= 3757tok  E= 233.12J  Q=1.00  (ok)
  [FACT_M1 FACT      ] ctx= 3807tok  E= 235.36J  Q=1.00  (ok)
  [SONDA_E SONDA     ] ctx= 3856tok  E= 207.69J  Q=1.00  (ok)
  [FACT_M2 FACT      ] ctx= 3898tok  E= 218.78J  Q=1.00  (ok)
  [SONDA_F SONDA     ] ctx= 3942tok  E= 208.39J  Q=1.00  (ok)
  [ T08 FACT      ] ctx= 3982tok  E= 249.48J  Q=1.00  (ok)
  [SONDA_G SONDA     ] ctx= 4039tok  E= 212.58J  Q=1.00  (ok)
  [FACT_M3 FACT      ] ctx= 4075tok  E= 234.85J  Q=1.00  (ok)
  [SONDA_H SONDA     ] ctx= 4120tok  E= 242.21J  Q=1.00  (ok)
  [ T09 CONSTRAINT] ctx= 4315tok  E= 991.44J  Q=1.00  (ok)
  [SONDA_I SONDA     ] ctx= 4507tok  E= 236.63J  Q=1.00  (ok)
  [RESUMEN #2] E=2403.96J (trigger=4507 tok)
  [ T10 DRAFT     ] ctx= 3661tok  E=2108.72J  Q=1.00  (ok)
  [ T11 RECALL    ] ctx= 4080tok  E= 398.11J  Q=1.00  (ok)
  [SONDA_J SONDA     ] ctx= 4167tok  E= 220.87J  Q=1.00  (ok)
  [SONDA_C SONDA     ] ctx= 4218tok  E= 248.34J  Q=0.00  (ok)
  [ T12 FACT      ] ctx= 4254tok  E= 427.81J  Q=1.00  (ok)
  [ T13 SUMMARIZE ] ctx= 4387tok  E= 643.02J  Q=1.00  (ok)
  [ T14 RECALL    ] ctx= 4505tok  E= 428.51J  Q=1.00  (ok)
  [RESUMEN #3] E=2547.76J (trigger=4505 tok)
  [ T15 SONDA     ] ctx= 3687tok  E=1026.00J  Q=1.00  (ok)
  [ T16 RECALL    ] ctx= 3897tok  E= 382.93J  Q=1.00  (ok)

[OK] 32 registros completos -> results/runs/tres_brazos_20260727T204018Z/raw/run_FP16_resumen_rep3.jsonl
[OK] Energía total: 22484.85 J | intervenciones: 3
=== INFERA | FP16 | completo | rep 3 ===
  estabilización posterior al warmup: 30 s
  reposo: 10.1 W (300/300 muestras)
  [ T01 FACT      ] ctx= 3183tok  E=  63.37J  Q=1.00  (ok)
  [ T02 FACT      ] ctx= 3233tok  E= 166.82J  Q=1.00  (ok)
  [SONDA_A SONDA     ] ctx= 3284tok  E= 186.83J  Q=1.00  (ok)
  [ T03 CLASSIFY  ] ctx= 3357tok  E= 541.39J  Q=1.00  (ok)
  [ T04 CONSTRAINT] ctx= 3684tok  E=2214.54J  Q=0.88  (ok)
  [ T05 DRAFT     ] ctx= 4182tok  E=1778.38J  Q=1.00  (ok)
  [ T06 FACT      ] ctx= 4524tok  E= 404.85J  Q=1.00  (ok)
  [SONDA_B SONDA     ] ctx= 4597tok  E= 240.16J  Q=1.00  (ok)
  [ T07 SUMMARIZE ] ctx= 4642tok  E= 865.83J  Q=1.00  (ok)
  [SONDA_D SONDA     ] ctx= 4813tok  E= 259.68J  Q=1.00  (ok)
  [FACT_M1 FACT      ] ctx= 4866tok  E= 281.75J  Q=1.00  (ok)
  [SONDA_E SONDA     ] ctx= 4915tok  E= 254.83J  Q=1.00  (ok)
  [FACT_M2 FACT      ] ctx= 4957tok  E= 283.09J  Q=1.00  (ok)
  [SONDA_F SONDA     ] ctx= 5001tok  E= 266.77J  Q=1.00  (ok)
  [ T08 FACT      ] ctx= 5041tok  E= 315.89J  Q=1.00  (ok)
  [SONDA_G SONDA     ] ctx= 5102tok  E= 254.31J  Q=1.00  (ok)
  [FACT_M3 FACT      ] ctx= 5139tok  E= 276.11J  Q=1.00  (ok)
  [SONDA_H SONDA     ] ctx= 5184tok  E= 292.55J  Q=1.00  (ok)
  [ T09 CONSTRAINT] ctx= 5379tok  E=1073.34J  Q=1.00  (ok)
  [SONDA_I SONDA     ] ctx= 5574tok  E= 272.13J  Q=1.00  (ok)
  [ T10 DRAFT     ] ctx= 5655tok  E=1679.92J  Q=1.00  (ok)
  [ T11 RECALL    ] ctx= 5970tok  E= 334.22J  Q=1.00  (ok)
  [SONDA_J SONDA     ] ctx= 6029tok  E= 304.94J  Q=1.00  (ok)
  [SONDA_C SONDA     ] ctx= 6081tok  E= 298.16J  Q=1.00  (ok)
  [ T12 FACT      ] ctx= 6116tok  E= 518.42J  Q=1.00  (ok)
  [ T13 SUMMARIZE ] ctx= 6249tok  E= 705.60J  Q=1.00  (ok)
  [ T14 RECALL    ] ctx= 6360tok  E= 398.75J  Q=1.00  (ok)
  [ T15 SONDA     ] ctx= 6459tok  E= 472.90J  Q=0.00  (ok)
  [ T16 RECALL    ] ctx= 6533tok  E= 324.48J  Q=1.00  (ok)

[OK] 29 registros completos -> results/runs/tres_brazos_20260727T204018Z/raw/run_FP16_completo_rep3.jsonl
[OK] Energía total: 15330.01 J | intervenciones: 0
=== INFERA | FP16 | descarte | rep 3 ===
  estabilización posterior al warmup: 30 s
  reposo: 10.1 W (300/300 muestras)
  [ T01 FACT      ] ctx= 3183tok  E=  61.42J  Q=1.00  (ok)
  [ T02 FACT      ] ctx= 3233tok  E= 162.76J  Q=1.00  (ok)
  [SONDA_A SONDA     ] ctx= 3284tok  E= 187.18J  Q=1.00  (ok)
  [ T03 CLASSIFY  ] ctx= 3357tok  E= 541.80J  Q=1.00  (ok)
  [ T04 CONSTRAINT] ctx= 3684tok  E=2216.88J  Q=0.88  (ok)
  [ T05 DRAFT     ] ctx= 4182tok  E=1766.66J  Q=1.00  (ok)
  [ T06 FACT      ] ctx= 4524tok  E= 406.86J  Q=1.00  (ok)
  [DESCARTE #1] retira 3 pares; conserva 4 recientes; 0 J
  [SONDA_B SONDA     ] ctx= 4443tok  E= 237.25J  Q=1.00  (ok)
  [ T07 SUMMARIZE ] ctx= 4488tok  E= 885.53J  Q=1.00  (ok)
  [SONDA_D SONDA     ] ctx= 4662tok  E= 254.09J  Q=1.00  (ok)
  [DESCARTE #2] retira 3 pares; conserva 4 recientes; 0 J
  [FACT_M1 FACT      ] ctx= 3515tok  E= 211.11J  Q=1.00  (ok)
  [SONDA_E SONDA     ] ctx= 3564tok  E= 212.67J  Q=1.00  (ok)
  [FACT_M2 FACT      ] ctx= 3606tok  E= 208.28J  Q=1.00  (ok)
  [SONDA_F SONDA     ] ctx= 3650tok  E= 210.36J  Q=1.00  (ok)
  [ T08 FACT      ] ctx= 3690tok  E= 230.64J  Q=1.00  (ok)
  [SONDA_G SONDA     ] ctx= 3747tok  E= 206.43J  Q=1.00  (ok)
  [FACT_M3 FACT      ] ctx= 3783tok  E= 229.28J  Q=1.00  (ok)
  [SONDA_H SONDA     ] ctx= 3828tok  E= 225.46J  Q=1.00  (ok)
  [ T09 CONSTRAINT] ctx= 4022tok  E= 978.77J  Q=1.00  (ok)
  [SONDA_I SONDA     ] ctx= 4214tok  E= 224.10J  Q=1.00  (ok)
  [ T10 DRAFT     ] ctx= 4295tok  E=1424.39J  Q=0.89  (ok)
  [ T11 RECALL    ] ctx= 4577tok  E= 413.04J  Q=0.50  (ok)
  [DESCARTE #3] retira 12 pares; conserva 4 recientes; 0 J
  [SONDA_J SONDA     ] ctx= 3961tok  E= 215.48J  Q=1.00  (ok)
  [SONDA_C SONDA     ] ctx= 4013tok  E= 244.12J  Q=0.00  (ok)
  [ T12 FACT      ] ctx= 4050tok  E= 421.79J  Q=1.00  (ok)
  [ T13 SUMMARIZE ] ctx= 4183tok  E= 577.78J  Q=1.00  (ok)
  [ T14 RECALL    ] ctx= 4294tok  E= 251.91J  Q=0.50  (ok)
  [ T15 SONDA     ] ctx= 4381tok  E= 357.51J  Q=0.50  (ok)
  [ T16 RECALL    ] ctx= 4452tok  E= 240.72J  Q=1.00  (ok)

[OK] 32 registros completos -> results/runs/tres_brazos_20260727T204018Z/raw/run_FP16_descarte_rep3.jsonl
[OK] Energía total: 13804.26 J | intervenciones: 3
